2026-03-05 23:59:46 - scrapy.utils.log - INFO - log.py:173 - Scrapy 2.13.2 started (bot: JobCrawlerProject)
2026-03-05 23:59:46 - scrapy.utils.log - INFO - log.py:181 - Versions:
{'lxml': '5.4.0',
 'libxml2': '2.11.9',
 'cssselect': '1.3.0',
 'parsel': '1.10.0',
 'w3lib': '2.3.1',
 'Twisted': '25.5.0',
 'Python': '3.12.3 (tags/v3.12.3:f6650f9, Apr  9 2024, 14:05:25) [MSC v.1938 '
           '64 bit (AMD64)]',
 'pyOpenSSL': '25.1.0 (OpenSSL 3.5.0 8 Apr 2025)',
 'cryptography': '45.0.4',
 'Platform': 'Windows-10-10.0.19045-SP0'}
2026-03-05 23:59:46 - scrapy.addons - INFO - addons.py:49 - Enabled addons:
[]
2026-03-05 23:59:46 - scrapy.extensions.telnet - INFO - telnet.py:57 - Telnet Password: 8f7bb8542955eeca
2026-03-05 23:59:46 - scrapy.middleware - INFO - middleware.py:101 - Enabled extensions:
['scrapy.extensions.corestats.CoreStats',
 'scrapy.extensions.telnet.TelnetConsole',
 'scrapy.extensions.logstats.LogStats']
2026-03-05 23:59:46 - scrapy.crawler - INFO - crawler.py:135 - Overridden settings:
{'BOT_NAME': 'JobCrawlerProject',
 'CONCURRENT_REQUESTS': 32,
 'DOWNLOAD_DELAY': 3,
 'FEED_EXPORT_ENCODING': 'utf-8',
 'LOG_FILE': 'JobCrawlerProject/logs\\spider_20260305.log',
 'LOG_FORMAT': '%(asctime)s - %(name)s - %(levelname)s - '
               '%(filename)s:%(lineno)d - %(message)s',
 'LOG_LEVEL': 'INFO',
 'NEWSPIDER_MODULE': 'JobCrawlerProject.spiders',
 'SPIDER_MODULES': ['JobCrawlerProject.spiders'],
 'USER_AGENT': 'Mozilla/5.0 (Windows NT 10.0; Win64; x64) AppleWebKit/537.36 '
               '(KHTML, like Gecko) Chrome/145.0.0.0 Safari/537.36'}
2026-03-05 23:59:47 - scrapy.middleware - INFO - middleware.py:101 - Enabled downloader middlewares:
['scrapy.downloadermiddlewares.offsite.OffsiteMiddleware',
 'JobCrawlerProject.middlewares.LazyRequestMiddleware',
 'scrapy.downloadermiddlewares.httpauth.HttpAuthMiddleware',
 'scrapy.downloadermiddlewares.downloadtimeout.DownloadTimeoutMiddleware',
 'scrapy.downloadermiddlewares.defaultheaders.DefaultHeadersMiddleware',
 'scrapy.downloadermiddlewares.useragent.UserAgentMiddleware',
 'JobCrawlerProject.middlewares.JobcrawlerprojectSpiderMiddleware',
 'scrapy.downloadermiddlewares.retry.RetryMiddleware',
 'scrapy.downloadermiddlewares.redirect.MetaRefreshMiddleware',
 'scrapy.downloadermiddlewares.httpcompression.HttpCompressionMiddleware',
 'scrapy.downloadermiddlewares.redirect.RedirectMiddleware',
 'scrapy.downloadermiddlewares.cookies.CookiesMiddleware',
 'scrapy.downloadermiddlewares.httpproxy.HttpProxyMiddleware',
 'scrapy.downloadermiddlewares.stats.DownloaderStats']
2026-03-05 23:59:47 - scrapy.middleware - INFO - middleware.py:101 - Enabled spider middlewares:
['scrapy.spidermiddlewares.start.StartSpiderMiddleware',
 'scrapy.spidermiddlewares.httperror.HttpErrorMiddleware',
 'scrapy.spidermiddlewares.referer.RefererMiddleware',
 'scrapy.spidermiddlewares.urllength.UrlLengthMiddleware',
 'scrapy.spidermiddlewares.depth.DepthMiddleware']
2026-03-05 23:59:47 - scrapy.middleware - INFO - middleware.py:101 - Enabled item pipelines:
['JobCrawlerProject.pipelines.JobcrawlerprojectPipeline',
 'JobCrawlerProject.pipelines.JobInfoDbPipeline']
2026-03-05 23:59:47 - scrapy.core.engine - INFO - engine.py:415 - Spider opened
2026-03-05 23:59:47 - bossSpider - INFO - pipelines.py:51 - [JobInfoDbPipeline]数据库连接已建立
2026-03-05 23:59:47 - scrapy.extensions.logstats - INFO - logstats.py:65 - Crawled 0 pages (at 0 pages/min), scraped 0 items (at 0 items/min)
2026-03-05 23:59:47 - bossSpider - INFO - middlewares.py:99 - Spider opened: bossSpider
2026-03-05 23:59:47 - scrapy.extensions.telnet - INFO - telnet.py:69 - Telnet console listening on 127.0.0.1:6023
2026-03-05 23:59:58 - bossSpider - INFO - bossSpider.py:70 - [BossSpider]城市参数:{'上海': 101020100}
2026-03-05 23:59:58 - bossSpider - INFO - bossSpider.py:86 - [BossSpider]请求参数:{'city': '101020100', 'query': 'python', 'jobType': '1901', 'page': '1', 'pageSize': '10'}
2026-03-05 23:59:58 - bossSpider - INFO - bossSpider.py:87 - [BossSpider]请求URL:https://www.zhipin.com/wapi/zpgeek/search/joblist.json
2026-03-06 00:00:02 - scrapy.core.engine - INFO - engine.py:463 - Closing spider (finished)
2026-03-06 00:00:02 - bossSpider - INFO - pipelines.py:85 - [JobInfoDbPipeline]数据库连接已关闭
2026-03-06 00:00:02 - scrapy.statscollectors - INFO - statscollectors.py:61 - Dumping Scrapy stats:
{'downloader/request_bytes': 2959,
 'downloader/request_count': 2,
 'downloader/request_method_count/GET': 1,
 'downloader/request_method_count/POST': 1,
 'downloader/response_bytes': 17909,
 'downloader/response_count': 2,
 'downloader/response_status_count/200': 2,
 'elapsed_time_seconds': 15.161755,
 'finish_reason': 'finished',
 'finish_time': datetime.datetime(2026, 3, 5, 16, 0, 2, 789779, tzinfo=datetime.timezone.utc),
 'httpcompression/response_bytes': 80496,
 'httpcompression/response_count': 2,
 'items_per_minute': 0.0,
 'log_count/INFO': 16,
 'log_count/WARNING': 2,
 'request_depth_max': 1,
 'response_received_count': 2,
 'responses_per_minute': 8.0,
 'scheduler/dequeued': 2,
 'scheduler/dequeued/memory': 2,
 'scheduler/enqueued': 2,
 'scheduler/enqueued/memory': 2,
 'start_time': datetime.datetime(2026, 3, 5, 15, 59, 47, 628024, tzinfo=datetime.timezone.utc)}
2026-03-06 00:00:02 - scrapy.core.engine - INFO - engine.py:504 - Spider closed (finished)
